
ΓòÉΓòÉΓòÉΓòÉΓòÉΓòÉΓòÉΓòÉΓòÉΓòÉΓòÉΓòÉΓòÉΓòÉΓòÉΓòÉΓòÉΓòÉΓòÉΓòÉΓòÉΓòÉΓòÉΓòÉΓòÉΓòÉΓòÉΓòÉΓòÉΓòÉΓòÉΓòÉΓòÉΓòÉΓòÉΓòÉΓòÉΓòÉΓòÉΓòÉΓòÉΓòÉΓòÉ
  PHASE 17.3: CONSENSUS MESH TEST
ΓòÉΓòÉΓòÉΓòÉΓòÉΓòÉΓòÉΓòÉΓòÉΓòÉΓòÉΓòÉΓòÉΓòÉΓòÉΓòÉΓòÉΓòÉΓòÉΓòÉΓòÉΓòÉΓòÉΓòÉΓòÉΓòÉΓòÉΓòÉΓòÉΓòÉΓòÉΓòÉΓòÉΓòÉΓòÉΓòÉΓòÉΓòÉΓòÉΓòÉΓòÉΓòÉΓòÉ

[CBA Hub] Phase 7 Intelligence Audit:
  - Learned Selectors: 0
  - Temporal Auras: 0
[CBA Hub] Starting Starlight Hub: The Hero's Journey...
[CBA Hub] WebSocket/HTTP Server listening on port 8081
Γ£à Hub initialized with 0.6 Quorum Threshold
Registered Sentinel: Sentinel-1
[CBA Hub] RECV: starlight.registration from Unknown
[CBA Hub] Registered Sentinel: Sentinel-1 (Priority: 1)
Registered Sentinel: Sentinel-2
[CBA Hub] RECV: starlight.registration from Unknown
[CBA Hub] Registered Sentinel: Sentinel-2 (Priority: 1)
Registered Sentinel: Sentinel-3

--- Test 1: Quorum 2/3 Clear ---
[CBA Hub] Awaiting Handshake for test_quorum (Budget: 5s)...
[CBA Hub] RECV: starlight.registration from Unknown
[CBA Hub] Registered Sentinel: Sentinel-3 (Priority: 1)
[CBA Hub] RECV: starlight.clear from Sentinel-1
[CBA Hub] RECV: starlight.clear from Sentinel-2
[CBA Hub] Consensus MET (2.0/1.2). Proceeding...
Γ£à SUCCESS: Hub proceeded with 2/3 Sentinels in 507ms

--- Test 2: Veto Supremacy ---
[CBA Hub] Awaiting Handshake for test_veto (Budget: 5s)...
[CBA Hub] RECV: starlight.clear from Sentinel-1
[CBA Hub] RECV: starlight.wait from Sentinel-3
[CBA Hub] Stability VETO from Sentinel-3 (Confidence: 1).
Γ£à SUCCESS: Hub respected VETO even if other Sentinel said CLEAR
[CBA Hub] Shutdown initiated. Reason: Normal
[CBA Hub] Closing gracefully...
[CBA Hub] Sentinel Disconnected: Sentinel-3
[CBA Hub] Sentinel Disconnected: Sentinel-2
[CBA Hub] Sentinel Disconnected: Sentinel-1
[CBA Hub] Generating Hero Story Report...
[CBA Hub] Generating Hero Story Report...
[CBA Hub] Hero Story saved to report.html
[CBA Hub]Saving Mission Trace(9 events)...
[CBA Hub] Mission Trace saved to mission_trace.json
[CBA Hub] Hub shutdown complete.
